Microchip MPLAB XC8 Compiler V2.35

Linker command line:

-W-3 --edf=C:\Program Files\Microchip\xc8\v2.35\pic\dat\en_msgs.txt -cn \
  -h+dist/default/production\prog-micros_lab10_lg20168.X.production.sym \
  --cmf=dist/default/production\prog-micros_lab10_lg20168.X.production.cmf \
  -z -Q16F887 -oC:\Users\luisg\AppData\Local\Temp\xcAsokk.4 \
  --defsym=__MPLAB_BUILD=1 \
  -Mdist/default/production/prog-micros_lab10_lg20168.X.production.map \
  --md=C:\Users\luisg\AppData\Local\Temp\xcAsokk.dat -E1 -ver=XC8 Compiler \
  --acfsm=1493 -ACODE=00h-07FFhx4 -ASTRCODE=00h-01FFFh -ASTRING=00h-0FFhx32 \
  -ACONST=00h-0FFhx32 -AENTRY=00h-0FFhx32 -ACOMMON=070h-07Fh \
  -ABANK0=020h-06Fh -ABANK1=0A0h-0EFh -ABANK2=0110h-016Fh \
  -ABANK3=0190h-01EFh -ARAM=020h-06Fh,0A0h-0EFh,0110h-016Fh,0190h-01EFh \
  -AABS1=020h-07Fh,0A0h-0EFh,0110h-016Fh,0190h-01EFh -ASFR0=00h-01Fh \
  -ASFR1=080h-09Fh -ASFR2=0100h-010Fh -ASFR3=0180h-018Fh \
  -ACONFIG=02007h-02008h -DCONFIG=2 -AIDLOC=02000h-02003h -DIDLOC=2 \
  -AEEDATA=00h-0FFh/02100h -peeprom_data=EEDATA -DEEDATA=2 -DCODE=2 \
  -DSTRCODE=2 -DSTRING=2 -DCONST=2 -DENTRY=2 \
  -preset_vec=00h,intentry=04h,init,end_init -ppowerup=CODE -pcinit=CODE \
  -pfunctab=ENTRY -k C:\Users\luisg\AppData\Local\Temp\xcAsokk.o \
  dist/default/production\prog-micros_lab10_lg20168.X.production.o 

Object code version is 3.11

Machine type is 16F887



                Name                               Link     Load   Length Selector   Space Scale
C:\Users\luisg\AppData\Local\Temp\xcAsokk.o
                end_init                             10       10        3        8       0
                reset_vec                             0        0        3        0       0
                config                             2007     2007        2        0       4
                idloc                              2000     2000        4        0       5
dist/default/production\prog-micros_lab10_lg20168.X.production.o
                cinit                                13       13        F        8       0
                intentry                              4        4        C        8       0
                config                             2007     2007        2        0       4
                idloc                              2000     2000        4        0       5
                text8                               243      243       22      174       0
                text7                               286      286       21      174       0
                text6                               1E5      1E5       37      174       0
                text5                               10A      10A       4F      174       0
                text4                               21C      21C       27      174       0
                text3                               265      265       21      174       0
                text2                               1A6      1A6       3F      174       0
                text1                               159      159       4D      174       0
                maintext                             BA       BA       50      174       0
                cstackBANK0                          20       20        6       20       1
                cstackCOMMON                         70       70        9       70       1
                dataBANK0                            28       28        1       20       1
                bssBANK0                             26       26        2       20       1
                bssCOMMON                            79       79        3       70       1
                strings                              22       22       98       44       0
                idataBANK0                          2A7      2A7        1      174       0

TOTAL           Name                               Link     Load   Length     Space
        CLASS   CODE           
                end_init                             10       10        3         0
                cinit                                13       13        F         0
                intentry                              4        4        C         0
                reset_vec                             0        0        3         0
                text8                               243      243       22         0
                text7                               286      286       21         0
                text6                               1E5      1E5       37         0
                text5                               10A      10A       4F         0
                text4                               21C      21C       27         0
                text3                               265      265       21         0
                text2                               1A6      1A6       3F         0
                text1                               159      159       4D         0
                maintext                             BA       BA       50         0
                idataBANK0                          2A7      2A7        1         0

        CLASS   STRCODE        

        CLASS   STRING         
                strings                              22       22       98         0

        CLASS   CONST          

        CLASS   ENTRY          

        CLASS   COMMON         
                cstackCOMMON                         70       70        9         1
                bssCOMMON                            79       79        3         1

        CLASS   BANK0          
                cstackBANK0                          20       20        6         1
                dataBANK0                            28       28        1         1
                bssBANK0                             26       26        2         1

        CLASS   BANK1          

        CLASS   BANK2          

        CLASS   BANK3          

        CLASS   RAM            

        CLASS   ABS1           
                abs_s1                               7E       7E        2         1

        CLASS   SFR0           

        CLASS   SFR1           

        CLASS   SFR2           

        CLASS   SFR3           

        CLASS   CONFIG         
                config                             2007     2007        2         4

        CLASS   IDLOC          
                idloc                              2000     2000        4         5

        CLASS   EEDATA         

        CLASS   STACK          



SEGMENTS        Name                           Load    Length   Top    Selector   Space  Class     Delta

                reset_vec                      000000  000003  000003         0       0  CODE        2
                intentry                       000004  00001E  000022         8       0  CODE        2
                cstackBANK0                    000020  000009  000029        20       1  BANK0       1
                strings                        000022  000098  0000BA        44       0  STRING      2
                cstackCOMMON                   000070  00000C  00007C        70       1  COMMON      1
                maintext                       0000BA  0001EE  0002A8       174       0  CODE        2


UNUSED ADDRESS RANGES

        Name                Unused          Largest block    Delta
        BANK0            0029-006F             47           1
        BANK1            00A0-00EF             50           1
        BANK2            0110-016F             60           1
        BANK3            0190-01EF             60           1
        CODE             0003-0003              1           2
                         02A8-1FFF            800
        COMMON           007C-007D              2           1
        CONST            0003-0003              1           2
                         02A8-1FFF            100
        EEDATA           2100-21FF            100           2
        ENTRY            0003-0003              1           2
                         02A8-1FFF            100
        RAM              0029-006F             47           1
                         00A0-00EF             50
                         0110-016F             60
                         0190-01EF             60
        SFR0             0000-001F             20           1
        SFR1             0080-009F             20           1
        SFR2             0100-010F             10           1
        SFR3             0180-018F             10           1
        STRCODE          0003-0003              1           2
                         02A8-1FFF           1D58
        STRING           0003-0003              1           2
                         02A8-1FFF            100

                                  Symbol Table

_ADCON0bits              (abs)        001F
_ADCON1bits              (abs)        009F
_ADRESH                  (abs)        001E
_ANSEL                   (abs)        0188
_ANSELH                  (abs)        0189
_BAUDCTLbits             (abs)        0187
_INTCONbits              (abs)        000B
_OSCCONbits              (abs)        008F
_PIE1bits                (abs)        008C
_PIR1bits                (abs)        000C
_PORTA                   (abs)        0005
_PORTB                   (abs)        0006
_RCIF                    (abs)        0065
_RCREG                   (abs)        001A
_RCSTAbits               (abs)        0018
_SPBRG                   (abs)        0099
_SPBRGH                  (abs)        009A
_TRISA                   (abs)        0085
_TRISB                   (abs)        0086
_TXIF                    (abs)        0064
_TXREG                   (abs)        0019
_TXSTAbits               (abs)        0098
__Habs1                  abs1         0000
__Hbank0                 bank0        0000
__Hbank1                 bank1        0000
__Hbank2                 bank2        0000
__Hbank3                 bank3        0000
__HbssBANK0              bssBANK0     0000
__HbssCOMMON             bssCOMMON    0000
__Hcinit                 cinit        0022
__Hclrtext               clrtext      0000
__Hcode                  code         0000
__Hcommon                common       0000
__Hconfig                config       2009
__HcstackBANK0           cstackBANK0  0000
__HcstackCOMMON          cstackCOMMON 0000
__HdataBANK0             dataBANK0    0000
__Heeprom_data           eeprom_data  0000
__Hend_init              end_init     0013
__Hfunctab               functab      0000
__HidataBANK0            idataBANK0   0000
__Hidloc                 idloc        2004
__Hinit                  init         0010
__Hintentry              intentry     0010
__Hmaintext              maintext     0000
__Hpowerup               powerup      0000
__Hram                   ram          0000
__Hreset_vec             reset_vec    0003
__Hsfr0                  sfr0         0000
__Hsfr1                  sfr1         0000
__Hsfr2                  sfr2         0000
__Hsfr3                  sfr3         0000
__Hspace_0               (abs)        02A8
__Hspace_1               (abs)        007C
__Hspace_2               (abs)        0000
__Hspace_3               (abs)        0000
__Hspace_4               (abs)        4010
__Hstack                 stack        0000
__Hstrings               strings      0000
__Htext                  text         0000
__Labs1                  abs1         0000
__Lbank0                 bank0        0000
__Lbank1                 bank1        0000
__Lbank2                 bank2        0000
__Lbank3                 bank3        0000
__LbssBANK0              bssBANK0     0000
__LbssCOMMON             bssCOMMON    0000
__Lcinit                 cinit        0013
__Lclrtext               clrtext      0000
__Lcode                  code         0000
__Lcommon                common       0000
__Lconfig                config       0000
__LcstackBANK0           cstackBANK0  0000
__LcstackCOMMON          cstackCOMMON 0000
__LdataBANK0             dataBANK0    0000
__Leeprom_data           eeprom_data  0000
__Lend_init              end_init     0010
__Lfunctab               functab      0000
__LidataBANK0            idataBANK0   0000
__Lidloc                 idloc        0000
__Linit                  init         0010
__Lintentry              intentry     0004
__Lmaintext              maintext     0000
__Lpowerup               powerup      0000
__Lram                   ram          0000
__Lreset_vec             reset_vec    0000
__Lsfr0                  sfr0         0000
__Lsfr1                  sfr1         0000
__Lsfr2                  sfr2         0000
__Lsfr3                  sfr3         0000
__Lspace_0               (abs)        0000
__Lspace_1               (abs)        0000
__Lspace_2               (abs)        0000
__Lspace_3               (abs)        0000
__Lspace_4               (abs)        0000
__Lstack                 stack        0000
__Lstrings               strings      0000
__Ltext                  text         0000
__S0                     (abs)        02A8
__S1                     (abs)        007C
__S3                     (abs)        0000
___int_sp                stack        0000
___latbits               (abs)        0002
___sp                    stack        0000
___stackhi               (abs)        0000
___stacklo               (abs)        0000
__end_of__initialization cinit        001E
__end_of__stringtab      strings      0028
__end_of_enter           text4        0243
__end_of_isr             text5        0159
__end_of_item_list       text2        01E5
__end_of_main            maintext     010A
__end_of_setup           text1        01A6
__end_of_tprint          text3        0286
__end_ofi1_enter         text8        0265
__end_ofi1_item_list     text6        021C
__end_ofi1_tprint        text7        02A7
__initialization         cinit        0013
__pbssBANK0              bssBANK0     0026
__pbssCOMMON             bssCOMMON    0079
__pcstackBANK0           cstackBANK0  0020
__pcstackCOMMON          cstackCOMMON 0070
__pdataBANK0             dataBANK0    0028
__pidataBANK0            idataBANK0   02A7
__pintentry              intentry     0004
__pmaintext              maintext     00BA
__pstrings               strings      0022
__ptext1                 text1        0159
__ptext2                 text2        01A6
__ptext3                 text3        0265
__ptext4                 text4        021C
__ptext5                 text5        010A
__ptext6                 text6        01E5
__ptext7                 text7        0286
__ptext8                 text8        0243
__stringbase             strings      0027
__stringtab              strings      0022
_enter                   text4        021C
_isr                     text5        010A
_item_list               text2        01A6
_main                    maintext     00BA
_opt_sel                 bssBANK0     0026
_portb_char              bssCOMMON    007B
_pot1                    bssBANK0     0027
_setup                   text1        0159
_state_flag              bssCOMMON    0079
_tprint                  text3        0265
_vacio                   dataBANK0    0028
btemp                    (abs)        007E
end_of_initialization    cinit        001E
enter@a                  cstackBANK0  0020
i1_enter                 text8        0243
i1_item_list             text6        01E5
i1_tprint                text7        0286
i1enter@a                cstackCOMMON 0070
i1tprint@string          cstackCOMMON 0071
interrupt_function       intentry     0004
intlevel0                functab      0000
intlevel1                functab      0000
intlevel2                functab      0000
intlevel3                functab      0000
intlevel4                functab      0000
intlevel5                functab      0000
reset_vec                reset_vec    0000
saved_w                  (abs)        007E
start                    init         0010
start_initialization     cinit        0013
tprint@string            cstackBANK0  0021
wtemp0                   (abs)        007E


MODULE INFORMATION

Module		Function		Class		Link	Load	Size
shared
		__stringtab    		STRING         	0022	0000	6
		i1_item_list   		CODE           	01E5	0000	55
		__initialization		CODE           	0013	0000	11
		i1_enter       		CODE           	0243	0000	34
		i1_tprint      		CODE           	0286	0000	33

shared estimated size: 139

lab10-p2_main-20168.c
		_item_list     		CODE           	01A6	0000	63
		_main          		CODE           	00BA	0000	80
		_tprint        		CODE           	0265	0000	33
		_isr           		CODE           	010A	0000	79
		_setup         		CODE           	0159	0000	77
		_enter         		CODE           	021C	0000	39

lab10-p2_main-20168.c estimated size: 371

